// Jest Snapshot v1, https://goo.gl/fbAQLP

exports[`returns device list from module 1`] = `
Object {
  "device": Object {
    "capabilities": Array [
      "touch",
      "mobile",
    ],
    "modes": Array [
      Object {
        "insets": Object {
          "bottom": 0,
          "left": 0,
          "right": 0,
          "top": 0,
        },
        "orientation": "vertical",
        "title": "default",
      },
      Object {
        "insets": Object {
          "bottom": 0,
          "left": 0,
          "right": 0,
          "top": 0,
        },
        "orientation": "horizontal",
        "title": "default",
      },
    ],
    "screen": Object {
      "device-pixel-ratio": 2,
      "horizontal": Object {
        "height": 320,
        "outline": Object {
          "image": "@url(iPhone5-landscape.svg)",
          "insets": Object {
            "bottom": 28,
            "left": 115,
            "right": 115,
            "top": 25,
          },
        },
        "width": 568,
      },
      "vertical": Object {
        "height": 568,
        "outline": Object {
          "image": "@url(iPhone5-portrait.svg)",
          "insets": Object {
            "bottom": 111,
            "left": 29,
            "right": 25,
            "top": 105,
          },
        },
        "width": 320,
      },
    },
    "show-by-default": true,
    "title": "iPhone 5/SE",
    "type": "phone",
    "user-agent": "Mozilla/5.0 (iPhone; CPU iPhone OS 10_3_1 like Mac OS X) AppleWebKit/603.1.30 (KHTML, like Gecko) Version/10.0 Mobile/14E304 Safari/602.1",
  },
  "order": 30,
  "type": "emulated-device",
}
`;
